   Compiling brotli-decompressor v5.0.1
   Compiling sqlparser v0.62.0
   Compiling buoyant_kernel v0.25.1 (https://github.com/buoyant-data/delta-kernel-rs?branch=buoyant%2Fmain#8ba063f8)
   Compiling buoyant_kernel_derive v1.1.0 (https://github.com/buoyant-data/delta-kernel-rs?branch=buoyant%2Fmain#8ba063f8)
   Compiling alloc-no-stdlib v3.0.0
   Compiling deltalake-derive v1.0.0 (https://github.com/delta-io/delta-rs.git?rev=58f07cd62bfbce3649a7e1c87c696288068ae184#58f07cd6)
   Compiling alloc-stdlib v0.3.0
   Compiling brotli-decompressor v6.0.0
   Compiling brotli v8.0.4
   Compiling parquet v59.3.0
   Compiling datafusion-common v55.1.0
   Compiling datafusion-proto-common v55.1.0
   Compiling datafusion-expr-common v55.1.0
   Compiling buoyant_kernel_engine v0.25.1 (https://github.com/buoyant-data/delta-kernel-rs?branch=buoyant%2Fmain#8ba063f8)
   Compiling datafusion-proto-models v55.1.0
   Compiling datafusion-physical-expr-common v55.1.0
   Compiling datafusion-functions-aggregate-common v55.1.0
   Compiling datafusion-functions-window-common v55.1.0
   Compiling datafusion-expr v55.1.0
   Compiling datafusion-physical-expr v55.1.0
   Compiling datafusion-execution v55.1.0
   Compiling datafusion-functions v55.1.0
   Compiling datafusion-functions-aggregate v55.1.0
   Compiling datafusion-optimizer v55.1.0
   Compiling datafusion-functions-window v55.1.0
   Compiling datafusion-physical-plan v55.1.0
   Compiling datafusion-physical-expr-adapter v55.1.0
   Compiling datafusion-functions-nested v55.1.0
   Compiling datafusion-sql v55.1.0
   Compiling datafusion-session v55.1.0
   Compiling datafusion-datasource v55.1.0
   Compiling datafusion-pruning v55.1.0
   Compiling datafusion-catalog v55.1.0
   Compiling datafusion-datasource-csv v55.1.0
   Compiling datafusion-datasource-json v55.1.0
   Compiling datafusion-datasource-arrow v55.1.0
   Compiling datafusion-datasource-parquet v55.1.0
   Compiling datafusion-physical-optimizer v55.1.0
   Compiling datafusion-functions-table v55.1.0
   Compiling datafusion-catalog-listing v55.1.0
   Compiling datafusion-proto v55.1.0
   Compiling datafusion v55.1.0
   Compiling deltalake-core v1.0.0 (https://github.com/delta-io/delta-rs.git?rev=58f07cd62bfbce3649a7e1c87c696288068ae184#58f07cd6)
   Compiling deltalake v1.0.0 (https://github.com/delta-io/delta-rs.git?rev=58f07cd62bfbce3649a7e1c87c696288068ae184#58f07cd6)
   Compiling unified-datafusion-review v0.0.0 (/home/paul/library-enrichment/.dev-state/unified-datafusion-review/latest)
    Finished `dev` profile [unoptimized + debuginfo] target(s) in 1m 43s
warning: the following packages contain code that will be rejected by a future version of Rust: proc-macro-error2 v2.0.1
note: to see what the problems were, use the option `--future-incompat-report`, or run `cargo report future-incompatibilities --id 1`
