NATIVE_RECURSION: three-node cycle terminates with native array_has path guard; rows=3
NESTED: native UNNEST+filter rows=2
VOLATILITY: dead branch calls=0, executing same frame twice calls=2
DECLARED_KEY: duplicate accepted by MemTable INSERT; rows=2
DELTA_PLAIN_SESSION: missing MetricObserver planner confirmed on current revision
DELTA_WRITE_BUILDER_ERROR: Generic DeltaTable error: External error: Invalid data found: 1 rows failed validation check.
Preview of invalid data:

+----+
| id |
+----+
| -1 |
+----+
DELTA_WRITE_BUILDER_CHECK: negative id rejected by table CHECK
DELTA_PROVIDER_CHECK: SQL INSERT negative id result=accepted
DELTA_SNAPSHOT: pinned_rows=1 latest_rows=2
DELTA_PROVIDER_TRUNCATE: This feature is not implemented: TRUNCATE not supported for Base table
DELTA_CONCURRENT_DETAILS: a=None b=Some(Transaction { source: CommitConflict(ConcurrentTransaction) })
DELTA_CONCURRENT_TXN: same app_id stale snapshots successes=1 failures=1
DELTA_SEQUENTIAL_TXN_RETRY: repeated app_id/version against fresh snapshot result=accepted
PROBE_COMPLETE
