   Compiling enrichment-store v0.0.0 (/home/paul/library-enrichment/crates/enrichment-store)
warning: use of deprecated struct `parquet::arrow::async_reader::ParquetObjectReader`: Implement `AsyncFileReader` directly instead; see the example on the `AsyncFileReader` trait documentation and `parquet/examples/object_store.rs`. Use `SpawnedReader` to perform I/O on a dedicated runtime. See https://github.com/apache/arrow-rs/issues/10308
  --> vendor/delta-rs/crates/core/src/datafile/reader.rs:22:36
   |
22 | use parquet::arrow::async_reader::{ParquetObjectReader, ParquetRecordBatchStreamBuilder};
   |                                    ^^^^^^^^^^^^^^^^^^^
   |
   = note: `#[warn(deprecated)]` on by default

warning: use of deprecated struct `parquet::arrow::async_reader::ParquetObjectReader`: Implement `AsyncFileReader` directly instead; see the example on the `AsyncFileReader` trait documentation and `parquet/examples/object_store.rs`. Use `SpawnedReader` to perform I/O on a dedicated runtime. See https://github.com/apache/arrow-rs/issues/10308
  --> vendor/delta-rs/crates/core/src/datafile/reader.rs:66:26
   |
66 |         let mut reader = ParquetObjectReader::new(self.store.clone(), path);
   |                          ^^^^^^^^^^^^^^^^^^^

warning: `deltalake-core` (lib) generated 2 warnings
    Finished `test` profile [unoptimized + debuginfo] target(s) in 4.75s
warning: the following packages contain code that will be rejected by a future version of Rust: proc-macro-error2 v2.0.1
note: to see what the problems were, use the option `--future-incompat-report`, or run `cargo report future-incompatibilities --id 1`
     Running tests/cache_probe_2026_09_17.rs (target/debug/deps/cache_probe_2026_09_17-c6c7ae6fd26b6c6a)

running 1 test
PROBE fixture commits=60 files=60 version=Some(60) append_total_ms=1323
PROBE A1 full_load_ms=[29.6, 30.8, 29.9, 28.3, 26.2]
1 native diagnostic observations not retained; latest: Resources exhausted: diagnostic ingress: no available capacity
2 native diagnostic observations not retained; latest: Resources exhausted: diagnostic ingress: no available capacity
4 native diagnostic observations not retained; latest: Resources exhausted: diagnostic ingress: no available capacity
PROBE A2 incremental_update_ms=[12.0, 13.7, 11.1, 11.3, 11.2] retained_version=Some(65)
PROBE A3 lazy_without_files_load_ms=[12.2, 9.1, 9.5, 9.1, 10.9]
PROBE A4 full_load_after_checkpoint_ms=[10.5, 7.8, 6.7, 6.8, 6.6]
PROBE C descriptor files=65 json_bytes=68716 json_bytes_per_file=1057 encode_ms=3.1 decode_ms=3.2 add_actions_ipc_bytes=9480
PROBE D metadata_cache (scan_ms, entries, total_hits)=[(31.9, 65, 0), (23.4, 65, 65), (24.4, 65, 130)] limit_bytes=2147483648
test cache_probe ... ok

test result: ok. 1 passed; 0 failed; 0 ignored; 0 measured; 0 filtered out; finished in 4.78s


real	0m9.573s
user	0m15.083s
sys	0m4.012s
