STATISTICS unknown: count=3 scan=true
ProjectionExec: expr=[count(Int64(1))@0 as n]
  AggregateExec: mode=Final, gby=[], aggr=[count(Int64(1))]
    CoalescePartitionsExec
      AggregateExec: mode=Partial, gby=[], aggr=[count(Int64(1))]
        RepartitionExec: partitioning=RoundRobinBatch(32), input_partitions=1
          DataSourceExec: file_groups={1 group: [[home/paul/.cache/library-enrichment-review-2026-09-15/three-rows.parquet]]}, file_type=parquet

STATISTICS provider_only: count=3 scan=true
ProjectionExec: expr=[count(Int64(1))@0 as n]
  AggregateExec: mode=Final, gby=[], aggr=[count(Int64(1))]
    CoalescePartitionsExec
      AggregateExec: mode=Partial, gby=[], aggr=[count(Int64(1))]
        RepartitionExec: partitioning=RoundRobinBatch(32), input_partitions=1
          DataSourceExec: file_groups={1 group: [[home/paul/.cache/library-enrichment-review-2026-09-15/three-rows.parquet]]}, file_type=parquet

STATISTICS physical: count=3 scan=false
ProjectionExec: expr=[3 as n]
  PlaceholderRowExec

CATALOG: qualified lookup, inventory, absent lookup and mutation refusal passed
CATALOG SNAPSHOT: retained plan=3; cloned state after shared catalog replacement=4
COERCION: Utf8 exact=Utf8 coercible=Utf8
COERCION: LargeUtf8 exact=Utf8 coercible=LargeUtf8
COERCION: Utf8View exact=Utf8 coercible=Utf8View
MEMORY: bounded delegation preserved; reserved=0 peak=512
